1?1?0?0?1?0?1?0?1?0?1?0?1?1?0?1?1?1?1?1?0?0?1?1?1?1?0?0?1?0?1?1?1?1?1?0?1?0?0?0?1?0?1?1?1?1?1?1?0?0?
10100101100110011001100110100110101010100101101010100101100110101010100110010101100110101010101001
