0?0?1?1?0?0?0?1?0?1?1?1?0?0?0?0?0?1?0?0?1?0?0?0?1?1?1?1?0?0?0?0?0?1?0?1?0?0?0?0?1?0?0?0?1?
0101101001010110011010100101010101100101100101011010101001010101011001100101010110010101
