1?0?0?0?0?0?0?0?1?0?0?0?0?0?1?0?0?0?0?0?0?0?0?1?0?0?0?0?0?0?0?1?1?0?1?0?0?1?1?0?0?1?0?1?0?0?0?0?0?
100101010101010110010101010110010101010101010110010101010101011010011001011010010110011001010101
