1?1?0?0?1?0?0?1?0?1?0?1?1?1?1?1?1?1?0?1?0?0?1?1?1?1?0?1?0?0?1?0?0?0?0?0?0?1?0?0?0?0?0?0?1?0?0?0?0?
101001011001011001100110101010101010011001011010101001100101100101010101011001010101010110010101
