??????????????????????????????????????????????
10101010101010101
