1?1?0?0?1?0?1?0?1?0?1?0?1?1?0?1?1?1?1?1?0?0?1?1?1?1?0?0?1?0?1?1?1?1?1?0?1?0?0?0?1?0?1?1?1?1?1?1?0?0?
0101101001100110011001100101100101010101101001010101101001100101010101100110101001100101010101011000
