1?0?0?1?1?0?1?0?0?0?0?0?1?1?0?0?0?1?1?0?0?1?1?0?0?1?0?0?0?0?1?0?0?0?1?0?0?0?1?0?0?1?0?0?1?1?1?0?0?
01101001011001101010101001011010100101101001011010011010101001101010011010100110100110100101011000
