0?0?0?0?1?0?1?0?0?0?0?1?0?1?0?1?0?0?1?0?0?1?0?0?0?1?0?0?1?0?0?0?1?1?0?0?1?0?0?0?1?0?
101010100110011010101001100110011010011010011010100110100110101001011010011010100100
