0?0?0?0?1?0?1?0?0?0?0?1?0?1?0?1?0?0?1?0?0?1?0?0?0?1?0?0?1?0?0?0?1?1?0?0?1?0?0?0?1?0?
0101010110011001010101100110011001011001011001010110010110010101101001011001010110