0?0?1?0?0?1?0?0?1?1?0?0?0?1?0?0?1?1?1?1?1?0?1?1?0?0?0?0?0?0?0?0?1?1?1?1?1?1?1?1?1?1?
0101100101100101101001010110010110101010100110100101010101010101101010101010101010