1?1?1?1?1?0?0?0?0?0?1?0?1?0?0?0?1?0?0?0?1?0?0?0?0?1?0?1?0?1?0?0?0?0?1?0?1?1?0?1?1?0?0?0?0?0?
101010101001010101011001100101011001010110010101011001100110010101011001101001101001010101
