00001110101111001000000000000000000100011111
????????????????????????????????????????????
