0111010000000000000111111111111001110110000111
??????????????????????????????????????????????
