0?0?1?0?0?0?0?1?0?1?1?1?0?0?0?0?1?1?0?1?0?1?1?1?0?1?1?0?1?1?0?1?1?1?0?0?0?0?1?1?1?0?1?1?0?1?1?1?0?
000101110000001110101010