1?1?0?0?1?1?1?1?1?0?1?0?1?1?1?1?0?0?1?1?0?1?0?0?1?1?1?1?1?0?1?1?1?0?1?0?1?1?1?0?0?1?0?1?1?1?1?1?
111011001110000011000010