1?1?0?0?0?0?0?0?1?0?0?0?1?0?0?0?0?0?0?1?0?0?0?0?0?0?1?0?0?0?1?0?0?1?0?0?0?0?
1001110010010110110