1?0?0?1?0?1?1?1?1?1?1?1?1?1?1?1?1?0?0?0?0?0?0?1?0?0?0?0?1?1?0?0?0?1?1?1?1?0?1?1?1?1?0?0?
0111110100111110110001