1?1?0?1?1?1?1?1?1?1?1?0?1?0?1?0?0?1?1?1?1?0?0?1?1?0?1?0?1?1?1?1?1?1?
00101111001101101