1?1?1?0?1?1?1?1?1?0?1?1?0?0?0?1?0?0?1?1?0?0?0?1?1?1?0?0?1?1?0?0?1?0?0?1?1?0?1?0?1?0?1?1?
0010000010011101100111000110011011001010100110110010101001001010100
67