1?0?0?1?0?1?1?0?1?1?0?0?1?1?1?1?1?0?0?1?1?1?1?1?0?0?1?0?1?1?0?0?1?1?1?0?0?1?0?1?1?
11010010011000001100000110100110001101001100011010011000110100