0?1?0?1?1?1?0?0?0?1?1?0?1?1?0?0?0?0?1?1?0?0?0?1?0?0?0?0?0?0?1?1?1?0?1?0?1?1?0?0?0?0?0?0?0?
01000111001001111001110111111000101001111111001110111111000101001111111