1?1?1?1?1?1?1?1?1?1?1?1?1?1?1?1?1?1?1?1?1?1?1?1?1?1?1?1?1?1?1?1?1?1?
00000000000
