0?0?0?0?1?0?1?1?1?0?1?0?1?0?1?1?1?1?0?0?1?0?0?1?1?1?1?1?1?1?0?0?0?0?1?0?0?0?1?0?1?1?0?0?0?0?0?1?
0101010110011010100110011001101010100101100101101010101010100101010110010101100110100101010101