0?1?0?1?1?0?1?0?1?1?1?1?1?1?1?1?1?1?1?1?1?1?1?1?0?0?1?0?1?0?1?1?1?1?
011001101001100110101010101010101010101010101010010110011001101010