0?????101010101010101010101010101010101010101010101
????????????????????????????????????????????