1?0?1?0?1?0?1?0?0?0?1?0?0?1?1?1?0?1?0?1?0?1?1?1?0?0?0?0?0?0?0?1?0?0?1?0?0?1?1?1?0?1?0?1?0?1?1?0?1?
100110011001100101011001011010100110011001101010010101010101011001011001011010100110011001101001