0?0?1?1?1?1?1?0?0?0?0?0?0?0?1?0?1?0?0?1?1?0?0?1?0?0?1?0?1?0?1?0?0?0?1?1?1?1?1?1?0?0?
0101101010101001010101010101100110010110100101100101100110011001010110101010101001