1?0?1?1?0?0?0?0?0?0?1?1?1?1?0?0?1?1?1?1?1?1?0?0?1?1?1?1?0?0?1?1?0?0?1?0?0?1?1?0?0?1?0?1?1?1?1?
10011010010101010101101010100101101010101010010110101010010110100101100101101001011001101010