1?1?0?0?0?0?0?0?0?1?1?1?0?0?1?0?0?0?1?0?1?0?1?0?1?1?1?0?1?0?0?1?0?0?0?1?1?0?0?0?0?0?
1010010101010101011010100101100101011001100110011010100110010110010101101001010101