1?0?0?1?0?1?1?1?0?1?0?0?1?1?1?0?0?0?0?1?1?0?0?1?0?1?0?0?0?1?1?0?1?0?1?1?1?1?1?0?1?1?1?1?1?1?0?0?
1001011001101010011001011010100101010110100101100110010101101001100110101010100110101010101001