1100100010100101000000110000110001111010100001
??????????????????????????????????????????????
