01?11011?0?010??0111010?1100001?1100?1?011001100?00?10??11100??100?10????0?00?101?110?
111?10?0?01000101?0???00?00100110110?1100?111???01?0?1100?01100?0???0001?1??0?0?