10010100?110?10?1??10??1010??101??11?0?1??00010??1000??1001????
????0?0?1?11?101?1000001??10?0??10??1??00?1?1??1?01?