?0??????101??00??0100?0??101?1??0?11??10110?0?01?1?
110?1??0?0??1?11??011?10??01?00010000001?11111?00??111????00?001100?0?0011?