??001000011?100?11101??11110?0?011111?11?110?0??01000??101?1010?1?101001110??1?
?100110?0?11???11?01110?0000?11?11?11??01001101?10001?00?0??1???