1?1?1?1?1?1?1?1?1?1?1?1?1?1?1?1?1?1?1?1?1?1?1?1?1?1?1?1?1?1?1?1?1?1?1?1?1?1?1?1?1?
1010101010101010101010101010101010101010101010101010101010101010101010101010101011
