1?1?0?0?1?0?1?0?1?0?1?0?1?1?0?1?1?1?1?1?0?0?1?1?1?1?0?0?1?0?1?1?1?1?1?0?1?0?0?0?1?0?1?1?1?1?1?1?0?0?
1010010110011001100110011010011010101010010110101010010110011010101010011001010110011010101010100100
