1?0?0?1?0?1?1?0?1?1?0?0?1?1?1?1?1?0?0?1?1?1?1?1?0?0?1?0?1?1?0?0?1?1?1?0?0?1?0?1?1?
1001011001101001101001011010101010010110101010100101100110100101101010010110011011
