1000000000001011000101000100000000000000000010000
?????????????????????????????????????????????????