01001000100010011000000001010000000000010000101001
??????????????????????????????????????????????????