10011000000010100010000000010100101000010110
????????????????????????????????????????????