010000000000000000101001000100000101001111001001
????????????????????????????????????????????????