1?1?1?1?1?1?1?1?01010101010101010101010101010101010101010101010101010101010101
1?1?1?1?1?1?1?1?????????????????????????????????
