0?1?0?1?0?0?0?1?1?0?1?1?1?0?1?1?0?0?0?0?0?0?0?1?1?0?0?1?1?0?0?0?1?0?0?0?1?1?0?0?0?1?0?0?1?1?1?0?1?0?
01100110010101101001101010011010010101010101011010010110100101011001010110100101011001011010100110
