1????????0101010101010101010101010101010101010101010101010101010101010101010101010101010101010101010101010101010101010101
????????????????????????????????????????